[2026-07-27 08:53:59] [INFO] Packaging session started.
[2026-07-27 08:53:59] [INFO] Creating folder structure...
[2026-07-27 08:53:59] [INFO] Creating new package...
[2026-07-27 08:53:59] [INFO] Using FolderEngine to create structure...
[2026-07-27 08:53:59] [INFO] Process logging initialized at: C:\Temp\AI_playground\Packaging folder\Obsidian\Obsidian\1.12.7\logs
[2026-07-27 08:53:59] [INFO] Folder created: C:\Temp\AI_playground\Packaging folder\Obsidian\Obsidian\1.12.7
[2026-07-27 08:53:59] [INFO] Copying template files...
[2026-07-27 08:53:59] [INFO] Template files copied: 36 files
[2026-07-27 08:53:59] [INFO] Copying installation media...
[2026-07-27 08:54:00] [INFO] Installation media copied to Data folder
[2026-07-27 08:54:00] [INFO] Files copied successfully. Updating Startup.pss file...
[2026-07-27 08:54:00] [INFO] Startup.pss updated! (EXE + switches)
[2026-07-27 08:54:00] [INFO] Updating custom commands in Startup.pss...
[2026-07-27 08:54:00] [INFO] Custom commands cleared (no sections provided)
[2026-07-27 08:54:00] [INFO] Package created! Verifying files...
[2026-07-27 08:54:01] [INFO] Package created successfully!
C:\Temp\AI_playground\Packaging folder\Obsidian\Obsidian\1.12.7
[2026-07-27 08:54:01] [INFO] FRB Installer.psproj verified!
[2026-07-27 08:54:01] [INFO] Locating FRB Installer.psproj file...
[2026-07-27 08:54:01] [INFO] Found: FRB Installer.psproj
Starting PSBuild.exe...
[2026-07-27 08:54:01] [INFO] System Context (elevated) - Modifying Startup.pss and .psbuild...
[2026-07-27 08:54:02] [INFO] System Context modifications complete. Building...
[2026-07-27 08:54:02] [INFO] Building Install.exe...
This may take a minute...
[2026-07-27 08:55:09] [INFO] BUILD SUCCESS! Starting installation testing workflow...
[2026-07-27 08:55:09] [INFO] Locating Install.exe in build output...
[2026-07-27 08:55:09] [INFO] Found Install.exe at: C:\Temp\AI_playground\Packaging folder\Obsidian\Obsidian\1.12.7\Install.exe
[2026-07-27 08:55:09] [INFO] Launching Install.exe for installation testing...
[2026-07-27 08:56:25] [INFO] Make any changes needed to make your package function in the fashion you would like
[2026-07-27 09:06:28] [INFO] Packaging session started.
[2026-07-27 09:06:28] [INFO] Creating folder structure...
[2026-07-27 09:06:28] [WARN] Package exists - updating Startup.pss with new settings...
[2026-07-27 09:06:28] [INFO] Process logging initialized at: C:\Temp\AI_playground\Packaging folder\Obsidian\Obsidian\1.12.7\logs
[2026-07-27 09:06:29] [INFO] Startup.pss updated! (EXE + switches)
[2026-07-27 09:06:29] [INFO] Updating custom commands in Startup.pss...
[2026-07-27 09:06:29] [INFO] Custom commands updated: 1 section(s)
[2026-07-27 09:06:29] [INFO] Package created! Verifying files...
[2026-07-27 09:06:30] [INFO] Package created successfully!
C:\Temp\AI_playground\Packaging folder\Obsidian\Obsidian\1.12.7
[2026-07-27 09:06:30] [INFO] FRB Installer.psproj verified!
[2026-07-27 09:06:30] [INFO] Locating FRB Installer.psproj file...
[2026-07-27 09:06:30] [INFO] Found: FRB Installer.psproj
Starting PSBuild.exe...
[2026-07-27 09:06:30] [INFO] System Context (elevated) - Modifying Startup.pss and .psbuild...
[2026-07-27 09:06:30] [INFO] System Context modifications complete. Building...
[2026-07-27 09:06:30] [INFO] Building Install.exe...
This may take a minute...
[2026-07-27 09:07:26] [INFO] BUILD SUCCESS! Starting installation testing workflow...
[2026-07-27 09:07:26] [INFO] Locating Install.exe in build output...
[2026-07-27 09:07:26] [INFO] Found Install.exe at: C:\Temp\AI_playground\Packaging folder\Obsidian\Obsidian\1.12.7\Install.exe
[2026-07-27 09:07:26] [INFO] Launching Install.exe for installation testing...
[2026-07-27 09:09:01] [INFO] Installation confirmed successful by technician!
[2026-07-27 09:09:48] [INFO] Validation documentation report copied to package Docs.
[2026-07-27 09:10:12] [INFO] Launching Install.exe /uninstall for uninstallation testing...
[2026-07-27 09:10:42] [INFO] Make any changes needed to make your package function in the fashion you would like
[2026-07-27 09:12:35] [INFO] Packaging session started.
[2026-07-27 09:12:35] [INFO] Creating folder structure...
[2026-07-27 09:12:35] [WARN] Package exists - updating Startup.pss with new settings...
[2026-07-27 09:12:35] [INFO] Process logging initialized at: C:\Temp\AI_playground\Packaging folder\Obsidian\Obsidian\1.12.7\logs
[2026-07-27 09:12:35] [INFO] Startup.pss updated! (EXE + switches)
[2026-07-27 09:12:35] [INFO] Updating custom commands in Startup.pss...
[2026-07-27 09:12:35] [INFO] Custom commands updated: 1 section(s)
[2026-07-27 09:12:35] [INFO] Package created! Verifying files...
[2026-07-27 09:12:36] [INFO] Package created successfully!
C:\Temp\AI_playground\Packaging folder\Obsidian\Obsidian\1.12.7
[2026-07-27 09:12:36] [INFO] FRB Installer.psproj verified!
[2026-07-27 09:12:36] [INFO] Locating FRB Installer.psproj file...
[2026-07-27 09:12:36] [INFO] Found: FRB Installer.psproj
Starting PSBuild.exe...
[2026-07-27 09:12:36] [INFO] System Context (elevated) - Modifying Startup.pss and .psbuild...
[2026-07-27 09:12:36] [INFO] System Context modifications complete. Building...
[2026-07-27 09:12:36] [INFO] Building Install.exe...
This may take a minute...
[2026-07-27 09:12:56] [INFO] BUILD SUCCESS! Starting installation testing workflow...
[2026-07-27 09:12:56] [INFO] Locating Install.exe in build output...
[2026-07-27 09:12:57] [INFO] Found Install.exe at: C:\Temp\AI_playground\Packaging folder\Obsidian\Obsidian\1.12.7\Install.exe
[2026-07-27 09:12:57] [INFO] Launching Install.exe for installation testing...
[2026-07-27 09:13:56] [INFO] Installation confirmed successful by technician!
[2026-07-27 09:14:35] [INFO] Validation documentation report copied to package Docs.
[2026-07-27 09:14:53] [INFO] Launching Install.exe /uninstall for uninstallation testing...
[2026-07-27 09:15:19] [INFO] Make any changes needed to make your package function in the fashion you would like
[2026-07-27 09:19:56] [INFO] Packaging session started.
[2026-07-27 09:19:56] [INFO] Creating folder structure...
[2026-07-27 09:19:56] [WARN] Package exists - updating Startup.pss with new settings...
[2026-07-27 09:19:56] [INFO] Process logging initialized at: C:\Temp\AI_playground\Packaging folder\Obsidian\Obsidian\1.12.7\logs
[2026-07-27 09:19:56] [INFO] Startup.pss updated! (EXE + switches)
[2026-07-27 09:19:56] [INFO] Updating custom commands in Startup.pss...
[2026-07-27 09:19:56] [INFO] Custom commands updated: 2 section(s)
[2026-07-27 09:19:56] [INFO] Package created! Verifying files...
[2026-07-27 09:19:57] [INFO] Package created successfully!
C:\Temp\AI_playground\Packaging folder\Obsidian\Obsidian\1.12.7
[2026-07-27 09:19:57] [INFO] FRB Installer.psproj verified!
[2026-07-27 09:19:57] [INFO] Locating FRB Installer.psproj file...
[2026-07-27 09:19:57] [INFO] Found: FRB Installer.psproj
Starting PSBuild.exe...
[2026-07-27 09:19:57] [INFO] System Context (elevated) - Modifying Startup.pss and .psbuild...
[2026-07-27 09:19:57] [INFO] System Context modifications complete. Building...
[2026-07-27 09:19:57] [INFO] Building Install.exe...
This may take a minute...
[2026-07-27 09:20:18] [INFO] BUILD SUCCESS! Starting installation testing workflow...
[2026-07-27 09:20:18] [INFO] Locating Install.exe in build output...
[2026-07-27 09:20:18] [INFO] Found Install.exe at: C:\Temp\AI_playground\Packaging folder\Obsidian\Obsidian\1.12.7\Install.exe
[2026-07-27 09:20:18] [INFO] Launching Install.exe for installation testing...
[2026-07-27 09:21:05] [INFO] Make any changes needed to make your package function in the fashion you would like
[2026-07-27 09:23:09] [INFO] Packaging session started.
[2026-07-27 09:23:09] [INFO] Creating folder structure...
[2026-07-27 09:23:09] [WARN] Package exists - updating Startup.pss with new settings...
[2026-07-27 09:23:09] [INFO] Process logging initialized at: C:\Temp\AI_playground\Packaging folder\Obsidian\Obsidian\1.12.7\logs
[2026-07-27 09:23:09] [INFO] Startup.pss updated! (EXE + switches)
[2026-07-27 09:23:09] [INFO] Updating custom commands in Startup.pss...
[2026-07-27 09:23:09] [INFO] Custom commands updated: 2 section(s)
[2026-07-27 09:23:09] [INFO] Package created! Verifying files...
[2026-07-27 09:23:10] [INFO] Package created successfully!
C:\Temp\AI_playground\Packaging folder\Obsidian\Obsidian\1.12.7
[2026-07-27 09:23:10] [INFO] FRB Installer.psproj verified!
[2026-07-27 09:23:10] [INFO] Locating FRB Installer.psproj file...
[2026-07-27 09:23:10] [INFO] Found: FRB Installer.psproj
Starting PSBuild.exe...
[2026-07-27 09:23:10] [INFO] System Context (elevated) - Modifying Startup.pss and .psbuild...
[2026-07-27 09:23:10] [INFO] System Context modifications complete. Building...
[2026-07-27 09:23:10] [INFO] Building Install.exe...
This may take a minute...
[2026-07-27 09:23:31] [INFO] BUILD SUCCESS! Starting installation testing workflow...
[2026-07-27 09:23:31] [INFO] Locating Install.exe in build output...
[2026-07-27 09:23:31] [INFO] Found Install.exe at: C:\Temp\AI_playground\Packaging folder\Obsidian\Obsidian\1.12.7\Install.exe
[2026-07-27 09:23:31] [INFO] Launching Install.exe for installation testing...
[2026-07-27 09:24:28] [INFO] Make any changes needed to make your package function in the fashion you would like
[2026-07-27 09:25:49] [INFO] Packaging session started.
[2026-07-27 09:25:49] [INFO] Creating folder structure...
[2026-07-27 09:25:49] [WARN] Package exists - updating Startup.pss with new settings...
[2026-07-27 09:25:49] [INFO] Process logging initialized at: C:\Temp\AI_playground\Packaging folder\Obsidian\Obsidian\1.12.7\logs
[2026-07-27 09:25:50] [INFO] Startup.pss updated! (EXE + switches)
[2026-07-27 09:25:50] [INFO] Updating custom commands in Startup.pss...
[2026-07-27 09:25:50] [INFO] Custom commands updated: 2 section(s)
[2026-07-27 09:25:50] [INFO] Package created! Verifying files...
[2026-07-27 09:25:51] [INFO] Package created successfully!
C:\Temp\AI_playground\Packaging folder\Obsidian\Obsidian\1.12.7
[2026-07-27 09:25:51] [INFO] FRB Installer.psproj verified!
[2026-07-27 09:25:51] [INFO] Locating FRB Installer.psproj file...
[2026-07-27 09:25:51] [INFO] Found: FRB Installer.psproj
Starting PSBuild.exe...
[2026-07-27 09:25:51] [INFO] System Context (elevated) - Modifying Startup.pss and .psbuild...
[2026-07-27 09:25:51] [INFO] System Context modifications complete. Building...
[2026-07-27 09:25:51] [INFO] Building Install.exe...
This may take a minute...
[2026-07-27 09:26:10] [INFO] BUILD SUCCESS! Starting installation testing workflow...
[2026-07-27 09:26:10] [INFO] Locating Install.exe in build output...
[2026-07-27 09:26:10] [INFO] Found Install.exe at: C:\Temp\AI_playground\Packaging folder\Obsidian\Obsidian\1.12.7\Install.exe
[2026-07-27 09:26:10] [INFO] Launching Install.exe for installation testing...
[2026-07-27 09:27:53] [INFO] Installation confirmed successful by technician!
[2026-07-27 09:28:44] [INFO] Validation documentation report copied to package Docs.
[2026-07-27 09:28:50] [INFO] Launching Install.exe /uninstall for uninstallation testing...
[2026-07-27 09:29:37] [INFO] Make any changes needed to make your package function in the fashion you would like
[2026-07-27 09:30:02] [INFO] Packaging session started.
[2026-07-27 09:30:02] [INFO] Creating folder structure...
[2026-07-27 09:30:02] [WARN] Package exists - updating Startup.pss with new settings...
[2026-07-27 09:30:02] [INFO] Process logging initialized at: C:\Temp\AI_playground\Packaging folder\Obsidian\Obsidian\1.12.7\logs
[2026-07-27 09:30:03] [INFO] Startup.pss updated! (EXE + switches)
[2026-07-27 09:30:03] [INFO] Updating custom commands in Startup.pss...
[2026-07-27 09:30:03] [INFO] Custom commands updated: 2 section(s)
[2026-07-27 09:30:03] [INFO] Package created! Verifying files...
[2026-07-27 09:30:04] [INFO] Package created successfully!
C:\Temp\AI_playground\Packaging folder\Obsidian\Obsidian\1.12.7
[2026-07-27 09:30:04] [INFO] FRB Installer.psproj verified!
[2026-07-27 09:30:04] [INFO] Locating FRB Installer.psproj file...
[2026-07-27 09:30:04] [INFO] Found: FRB Installer.psproj
Starting PSBuild.exe...
[2026-07-27 09:30:04] [INFO] System Context (elevated) - Modifying Startup.pss and .psbuild...
[2026-07-27 09:30:04] [INFO] System Context modifications complete. Building...
[2026-07-27 09:30:04] [INFO] Building Install.exe...
This may take a minute...
[2026-07-27 09:30:23] [INFO] BUILD SUCCESS! Starting installation testing workflow...
[2026-07-27 09:30:23] [INFO] Locating Install.exe in build output...
[2026-07-27 09:30:23] [INFO] Found Install.exe at: C:\Temp\AI_playground\Packaging folder\Obsidian\Obsidian\1.12.7\Install.exe
[2026-07-27 09:30:23] [INFO] Launching Install.exe for installation testing...
[2026-07-27 09:31:12] [INFO] Installation confirmed successful by technician!
[2026-07-27 09:31:52] [INFO] Validation documentation report copied to package Docs.
[2026-07-27 09:32:42] [INFO] Launching Install.exe /uninstall for uninstallation testing...
[2026-07-27 09:33:33] [INFO] Uninstallation confirmed successful by technician!
[2026-07-27 09:33:33] [INFO] Checking network deployment settings...
[2026-07-27 09:33:33] [INFO] Deploying package to network share...
[2026-07-27 09:33:38] [INFO] Network Deployment: Adding new version: 1.12.7
[2026-07-27 09:33:38] [INFO] Network Deployment: Calculating package size...
[2026-07-27 09:33:40] [INFO] Network Deployment: Copying files: 5/44 (1.5%) - 4.31 MB / 296.88 MB
[2026-07-27 09:33:42] [INFO] Network Deployment: Copying files: 10/44 (3.1%) - 9.11 MB / 296.88 MB
[2026-07-27 09:33:44] [INFO] Network Deployment: Copying files: 15/44 (3.2%) - 9.49 MB / 296.88 MB
[2026-07-27 09:33:46] [INFO] Network Deployment: Copying files: 20/44 (3.2%) - 9.6 MB / 296.88 MB
[2026-07-27 09:33:51] [INFO] Network Deployment: Copying files: 21/44 (98.2%) - 291.44 MB / 296.88 MB
[2026-07-27 09:33:53] [INFO] Network Deployment: Copying files: 25/44 (98.2%) - 291.45 MB / 296.88 MB
[2026-07-27 09:33:55] [INFO] Network Deployment: Copying files: 30/44 (99.4%) - 295.15 MB / 296.88 MB
[2026-07-27 09:33:57] [INFO] Network Deployment: Copying files: 35/44 (99.7%) - 295.86 MB / 296.88 MB
[2026-07-27 09:33:58] [INFO] Network Deployment: Copying files: 40/44 (99.8%) - 296.37 MB / 296.88 MB
[2026-07-27 09:33:59] [INFO] Network Deployment: Verifying copy integrity...
[2026-07-27 09:34:14] [ERROR] Network deployment failed: Copy integrity verification failed: Total size mismatch: Source=311300414 bytes, Target=311300130 bytes
[2026-07-27 09:34:29] [INFO] All testing complete! Package ready for Intune deployment.
[2026-07-27 09:36:24] [INFO] Loading custom commands from existing package...
[2026-07-27 09:36:24] [INFO] Existing package load from C:\Temp\AI_playground\Packaging folder\Obsidian\Obsidian\1.12.7\Startup.pss
[2026-07-27 09:36:24] [INFO] Loaded command lengths | PreInstall=0 CustomInstall=0 PostInstall=114 PreUninstall=0 CustomUninstall=115 PostUninstall=0
[2026-07-27 09:36:24] [INFO] Textbox lengths after bind | PreInstall=0 CustomInstall=0 PostInstall=113 PreUninstall=0 CustomUninstall=114 PostUninstall=0
[2026-07-27 09:36:24] [INFO] Textbox lengths after sync | PreInstall=0 CustomInstall=0 PostInstall=113 PreUninstall=0 CustomUninstall=114 PostUninstall=0
[2026-07-27 09:36:24] [INFO] Custom commands and metadata loaded from existing package!
[2026-07-27 09:37:30] [INFO] Packaging session started.
[2026-07-27 09:37:30] [INFO] Creating folder structure...
[2026-07-27 09:37:30] [WARN] Package exists - updating Startup.pss with new settings...
[2026-07-27 09:37:30] [INFO] Process logging initialized at: C:\Temp\AI_playground\Packaging folder\Obsidian\Obsidian\1.12.7\logs
[2026-07-27 09:37:31] [INFO] Startup.pss updated! (EXE + switches)
[2026-07-27 09:37:31] [INFO] Updating custom commands in Startup.pss...
[2026-07-27 09:37:31] [INFO] Custom commands updated: 3 section(s)
[2026-07-27 09:37:31] [INFO] Package created! Verifying files...
[2026-07-27 09:37:32] [INFO] Package created successfully!
C:\Temp\AI_playground\Packaging folder\Obsidian\Obsidian\1.12.7
[2026-07-27 09:37:32] [INFO] FRB Installer.psproj verified!
[2026-07-27 09:37:32] [INFO] Locating FRB Installer.psproj file...
[2026-07-27 09:37:32] [INFO] Found: FRB Installer.psproj
Starting PSBuild.exe...
[2026-07-27 09:37:32] [INFO] System Context (elevated) - Modifying Startup.pss and .psbuild...
[2026-07-27 09:37:32] [INFO] System Context modifications complete. Building...
[2026-07-27 09:37:32] [INFO] Building Install.exe...
This may take a minute...
[2026-07-27 09:37:52] [INFO] BUILD SUCCESS! Starting installation testing workflow...
[2026-07-27 09:37:52] [INFO] Locating Install.exe in build output...
[2026-07-27 09:37:52] [INFO] Found Install.exe at: C:\Temp\AI_playground\Packaging folder\Obsidian\Obsidian\1.12.7\Install.exe
[2026-07-27 09:37:52] [INFO] Launching Install.exe for installation testing...
[2026-07-27 09:39:30] [INFO] Installation confirmed successful by technician!
[2026-07-27 09:40:11] [INFO] Validation documentation report copied to package Docs.
[2026-07-27 09:40:15] [INFO] Launching Install.exe /uninstall for uninstallation testing...
[2026-07-27 09:40:49] [INFO] Uninstallation confirmed successful by technician!
[2026-07-27 09:40:49] [INFO] Checking network deployment settings...
[2026-07-27 09:40:49] [INFO] Deploying package to network share...
[2026-07-27 09:40:49] [INFO] Network Deployment: Reusing existing vendor folder: Obsidian
[2026-07-27 09:40:50] [INFO] Network Deployment: Reusing existing product folder: Obsidian
[2026-07-27 09:40:50] [INFO] Network Deployment: Creating backup of existing version...
[2026-07-27 09:40:50] [INFO] Network Deployment: Calculating package size...
[2026-07-27 09:40:52] [INFO] Network Deployment: Copying files: 5/44 (1.5%) - 4.31 MB / 296.88 MB
[2026-07-27 09:40:54] [INFO] Network Deployment: Copying files: 10/44 (3.1%) - 9.11 MB / 296.88 MB
[2026-07-27 09:40:55] [INFO] Network Deployment: Copying files: 15/44 (3.2%) - 9.49 MB / 296.88 MB
[2026-07-27 09:40:57] [INFO] Network Deployment: Copying files: 20/44 (3.2%) - 9.6 MB / 296.88 MB
[2026-07-27 09:41:03] [INFO] Network Deployment: Copying files: 21/44 (98.2%) - 291.44 MB / 296.88 MB
[2026-07-27 09:41:05] [INFO] Network Deployment: Copying files: 25/44 (98.2%) - 291.45 MB / 296.88 MB
[2026-07-27 09:41:07] [INFO] Network Deployment: Copying files: 30/44 (99.4%) - 295.15 MB / 296.88 MB
[2026-07-27 09:41:09] [INFO] Network Deployment: Copying files: 35/44 (99.7%) - 295.86 MB / 296.88 MB
[2026-07-27 09:41:10] [INFO] Network Deployment: Copying files: 40/44 (99.8%) - 296.37 MB / 296.88 MB
[2026-07-27 09:41:12] [INFO] Network Deployment: Verifying copy integrity...
[2026-07-27 09:41:26] [ERROR] Network deployment failed: Copy integrity verification failed: Total size mismatch: Source=311305228 bytes, Target=311304944 bytes
[2026-07-27 09:41:33] [INFO] All testing complete! Package ready for Intune deployment.
[2026-07-27 09:48:13] [INFO] Loading custom commands from existing package...
[2026-07-27 09:48:13] [INFO] Existing package load from C:\Temp\AI_playground\Packaging folder\Lucen Software\Timeline\14.20.0\Startup.pss
[2026-07-27 09:48:13] [INFO] Loaded command lengths | PreInstall=0 CustomInstall=0 PostInstall=0 PreUninstall=0 CustomUninstall=0 PostUninstall=0
[2026-07-27 09:48:13] [INFO] Textbox lengths after bind | PreInstall=0 CustomInstall=0 PostInstall=0 PreUninstall=0 CustomUninstall=0 PostUninstall=0
[2026-07-27 09:48:13] [INFO] Textbox lengths after sync | PreInstall=0 CustomInstall=0 PostInstall=0 PreUninstall=0 CustomUninstall=0 PostUninstall=0
[2026-07-27 09:48:13] [INFO] Custom commands and metadata loaded from existing package!
