[2026-07-25 12:11:38] [INFO] Packaging session started.
[2026-07-25 12:11:38] [INFO] Creating folder structure...
[2026-07-25 12:11:38] [WARN] Package exists - updating Startup.pss with new settings...
[2026-07-25 12:11:38] [INFO] Process logging initialized at: C:\Temp\AI_playground\Packaging folder\Articulate Global, LLC\Articulate 360\1.121.37380.0\logs
[2026-07-25 12:11:38] [INFO] Startup.pss updated! (EXE + switches)
[2026-07-25 12:11:38] [INFO] Updating custom commands in Startup.pss...
[2026-07-25 12:11:39] [INFO] Custom commands updated: 2 section(s)
[2026-07-25 12:11:39] [INFO] Package created! Verifying files...
[2026-07-25 12:11:40] [INFO] Package created successfully!
C:\Temp\AI_playground\Packaging folder\Articulate Global, LLC\Articulate 360\1.121.37380.0
[2026-07-25 12:11:40] [INFO] FRB Installer.psproj verified!
[2026-07-25 12:11:40] [INFO] Locating FRB Installer.psproj file...
[2026-07-25 12:11:40] [INFO] Found: FRB Installer.psproj
Starting PSBuild.exe...
[2026-07-25 12:11:40] [INFO] System Context (elevated) - Modifying Startup.pss and .psbuild...
[2026-07-25 12:11:40] [INFO] System Context modifications complete. Building...
[2026-07-25 12:11:40] [INFO] Building Install.exe...
This may take a minute...
[2026-07-25 12:12:31] [INFO] BUILD SUCCESS! Starting installation testing workflow...
[2026-07-25 12:12:31] [INFO] Locating Install.exe in build output...
[2026-07-25 12:12:31] [INFO] Found Install.exe at: C:\Temp\AI_playground\Packaging folder\Articulate Global, LLC\Articulate 360\1.121.37380.0\Install.exe
[2026-07-25 12:12:31] [INFO] Launching Install.exe for installation testing...
[2026-07-25 12:13:16] [INFO] Installation confirmed successful by technician!
[2026-07-25 12:13:16] [WARN] Validation documentation warning: Validation documentation tool exited with code -196608.
[2026-07-25 12:13:27] [WARN] Uninstallation testing skipped by technician.
[2026-07-25 13:37:53] [INFO] Packaging session started.
[2026-07-25 13:37:53] [INFO] Creating folder structure...
[2026-07-25 13:37:53] [WARN] Package exists - updating Startup.pss with new settings...
[2026-07-25 13:37:53] [INFO] Process logging initialized at: C:\Temp\AI_playground\Packaging folder\Articulate Global, LLC\Articulate 360\1.121.37380.0\logs
[2026-07-25 13:37:54] [INFO] Startup.pss updated! (EXE + switches)
[2026-07-25 13:37:54] [INFO] Updating custom commands in Startup.pss...
[2026-07-25 13:37:54] [INFO] Custom commands updated: 2 section(s)
[2026-07-25 13:37:54] [INFO] Package created! Verifying files...
[2026-07-25 13:37:55] [INFO] Package created successfully!
C:\Temp\AI_playground\Packaging folder\Articulate Global, LLC\Articulate 360\1.121.37380.0
[2026-07-25 13:37:55] [INFO] FRB Installer.psproj verified!
[2026-07-25 13:37:55] [INFO] Locating FRB Installer.psproj file...
[2026-07-25 13:37:55] [INFO] Found: FRB Installer.psproj
Starting PSBuild.exe...
[2026-07-25 13:37:55] [INFO] System Context (elevated) - Modifying Startup.pss and .psbuild...
[2026-07-25 13:37:55] [INFO] System Context modifications complete. Building...
[2026-07-25 13:37:55] [INFO] Building Install.exe...
This may take a minute...
[2026-07-25 13:38:45] [INFO] BUILD SUCCESS! Starting installation testing workflow...
[2026-07-25 13:38:45] [INFO] Locating Install.exe in build output...
[2026-07-25 13:38:45] [INFO] Found Install.exe at: C:\Temp\AI_playground\Packaging folder\Articulate Global, LLC\Articulate 360\1.121.37380.0\Install.exe
[2026-07-25 13:38:45] [INFO] Launching Install.exe for installation testing...
[2026-07-25 13:39:10] [INFO] Installation confirmed successful by technician!
[2026-07-25 13:39:10] [WARN] Validation documentation warning: Validation documentation tool exited with code -196608.
[2026-07-25 13:41:32] [WARN] Uninstallation testing skipped by technician.
[2026-07-25 13:48:12] [INFO] Packaging session started.
[2026-07-25 13:48:12] [INFO] Creating folder structure...
[2026-07-25 13:48:12] [WARN] Package exists - updating Startup.pss with new settings...
[2026-07-25 13:48:12] [INFO] Process logging initialized at: C:\Temp\AI_playground\Packaging folder\Articulate Global, LLC\Articulate 360\1.121.37380.0\logs
[2026-07-25 13:48:12] [INFO] Startup.pss updated! (EXE + switches)
[2026-07-25 13:48:12] [INFO] Updating custom commands in Startup.pss...
[2026-07-25 13:48:12] [INFO] Custom commands updated: 2 section(s)
[2026-07-25 13:48:12] [INFO] Package created! Verifying files...
[2026-07-25 13:48:14] [INFO] Package created successfully!
C:\Temp\AI_playground\Packaging folder\Articulate Global, LLC\Articulate 360\1.121.37380.0
[2026-07-25 13:48:14] [INFO] FRB Installer.psproj verified!
[2026-07-25 13:48:14] [INFO] Locating FRB Installer.psproj file...
[2026-07-25 13:48:14] [INFO] Found: FRB Installer.psproj
Starting PSBuild.exe...
[2026-07-25 13:48:14] [INFO] System Context (elevated) - Modifying Startup.pss and .psbuild...
[2026-07-25 13:48:14] [INFO] System Context modifications complete. Building...
[2026-07-25 13:48:14] [INFO] Building Install.exe...
This may take a minute...
[2026-07-25 13:48:33] [INFO] BUILD SUCCESS! Starting installation testing workflow...
[2026-07-25 13:48:33] [INFO] Locating Install.exe in build output...
[2026-07-25 13:48:33] [INFO] Found Install.exe at: C:\Temp\AI_playground\Packaging folder\Articulate Global, LLC\Articulate 360\1.121.37380.0\Install.exe
[2026-07-25 13:48:33] [INFO] Launching Install.exe for installation testing...
[2026-07-25 13:48:53] [INFO] Installation confirmed successful by technician!
[2026-07-25 13:48:54] [WARN] Validation documentation warning: Validation documentation tool exited with code -196608.
[2026-07-25 13:50:53] [WARN] Uninstallation testing skipped by technician.
[2026-07-25 13:55:36] [INFO] Packaging session started.
[2026-07-25 13:55:36] [INFO] Creating folder structure...
[2026-07-25 13:55:36] [WARN] Package exists - updating Startup.pss with new settings...
[2026-07-25 13:55:36] [INFO] Process logging initialized at: C:\Temp\AI_playground\Packaging folder\Articulate Global, LLC\Articulate 360\1.121.37380.0\logs
[2026-07-25 13:55:37] [INFO] Startup.pss updated! (EXE + switches)
[2026-07-25 13:55:37] [INFO] Updating custom commands in Startup.pss...
[2026-07-25 13:55:37] [INFO] Custom commands updated: 2 section(s)
[2026-07-25 13:55:37] [INFO] Package created! Verifying files...
[2026-07-25 13:55:38] [INFO] Package created successfully!
C:\Temp\AI_playground\Packaging folder\Articulate Global, LLC\Articulate 360\1.121.37380.0
[2026-07-25 13:55:38] [INFO] FRB Installer.psproj verified!
[2026-07-25 13:55:38] [INFO] Locating FRB Installer.psproj file...
[2026-07-25 13:55:38] [INFO] Found: FRB Installer.psproj
Starting PSBuild.exe...
[2026-07-25 13:55:38] [INFO] System Context (elevated) - Modifying Startup.pss and .psbuild...
[2026-07-25 13:55:38] [INFO] System Context modifications complete. Building...
[2026-07-25 13:55:38] [INFO] Building Install.exe...
This may take a minute...
[2026-07-25 13:55:56] [INFO] BUILD SUCCESS! Starting installation testing workflow...
[2026-07-25 13:55:56] [INFO] Locating Install.exe in build output...
[2026-07-25 13:55:56] [INFO] Found Install.exe at: C:\Temp\AI_playground\Packaging folder\Articulate Global, LLC\Articulate 360\1.121.37380.0\Install.exe
[2026-07-25 13:55:56] [INFO] Launching Install.exe for installation testing...
[2026-07-25 13:56:15] [INFO] Installation confirmed successful by technician!
[2026-07-25 13:56:15] [INFO] Validation tool closed. Documentation output folder was not found.
[2026-07-25 14:05:07] [WARN] Uninstallation testing skipped by technician.
[2026-07-25 14:06:52] [INFO] Packaging session started.
[2026-07-25 14:06:52] [INFO] Creating folder structure...
[2026-07-25 14:06:52] [WARN] Package exists - updating Startup.pss with new settings...
[2026-07-25 14:06:52] [INFO] Process logging initialized at: C:\Temp\AI_playground\Packaging folder\Articulate Global, LLC\Articulate 360\1.121.37380.0\logs
[2026-07-25 14:06:53] [INFO] Startup.pss updated! (EXE + switches)
[2026-07-25 14:06:53] [INFO] Updating custom commands in Startup.pss...
[2026-07-25 14:06:53] [INFO] Custom commands updated: 2 section(s)
[2026-07-25 14:06:53] [INFO] Package created! Verifying files...
[2026-07-25 14:06:54] [INFO] Package created successfully!
C:\Temp\AI_playground\Packaging folder\Articulate Global, LLC\Articulate 360\1.121.37380.0
[2026-07-25 14:06:54] [INFO] FRB Installer.psproj verified!
[2026-07-25 14:06:54] [INFO] Locating FRB Installer.psproj file...
[2026-07-25 14:06:54] [INFO] Found: FRB Installer.psproj
Starting PSBuild.exe...
[2026-07-25 14:06:54] [INFO] System Context (elevated) - Modifying Startup.pss and .psbuild...
[2026-07-25 14:06:54] [INFO] System Context modifications complete. Building...
[2026-07-25 14:06:54] [INFO] Building Install.exe...
This may take a minute...
[2026-07-25 14:07:13] [INFO] BUILD SUCCESS! Starting installation testing workflow...
[2026-07-25 14:07:13] [INFO] Locating Install.exe in build output...
[2026-07-25 14:07:13] [INFO] Found Install.exe at: C:\Temp\AI_playground\Packaging folder\Articulate Global, LLC\Articulate 360\1.121.37380.0\Install.exe
[2026-07-25 14:07:13] [INFO] Launching Install.exe for installation testing...
[2026-07-25 14:07:34] [INFO] Installation confirmed successful by technician!
[2026-07-25 14:07:34] [INFO] Validation tool closed. Documentation output folder was not found.
[2026-07-25 14:14:25] [WARN] Uninstallation testing skipped by technician.
[2026-07-25 14:40:24] [INFO] Packaging session started.
[2026-07-25 14:40:24] [INFO] Creating folder structure...
[2026-07-25 14:40:24] [WARN] Package exists - updating Startup.pss with new settings...
[2026-07-25 14:40:24] [INFO] Process logging initialized at: C:\Temp\AI_playground\Packaging folder\Articulate Global, LLC\Articulate 360\1.121.37380.0\logs
[2026-07-25 14:40:25] [INFO] Startup.pss updated! (EXE + switches)
[2026-07-25 14:40:25] [INFO] Updating custom commands in Startup.pss...
[2026-07-25 14:40:25] [INFO] Custom commands updated: 2 section(s)
[2026-07-25 14:40:25] [INFO] Package created! Verifying files...
[2026-07-25 14:40:26] [INFO] Package created successfully!
C:\Temp\AI_playground\Packaging folder\Articulate Global, LLC\Articulate 360\1.121.37380.0
[2026-07-25 14:40:26] [INFO] FRB Installer.psproj verified!
[2026-07-25 14:40:26] [INFO] Locating FRB Installer.psproj file...
[2026-07-25 14:40:26] [INFO] Found: FRB Installer.psproj
Starting PSBuild.exe...
[2026-07-25 14:40:26] [INFO] System Context (elevated) - Modifying Startup.pss and .psbuild...
[2026-07-25 14:40:26] [INFO] System Context modifications complete. Building...
[2026-07-25 14:40:26] [INFO] Building Install.exe...
This may take a minute...
[2026-07-25 14:41:26] [INFO] BUILD SUCCESS! Starting installation testing workflow...
[2026-07-25 14:41:26] [INFO] Locating Install.exe in build output...
[2026-07-25 14:41:26] [INFO] Found Install.exe at: C:\Temp\AI_playground\Packaging folder\Articulate Global, LLC\Articulate 360\1.121.37380.0\Install.exe
[2026-07-25 14:41:26] [INFO] Launching Install.exe for installation testing...
[2026-07-25 14:42:35] [INFO] Installation confirmed successful by technician!
[2026-07-25 14:45:58] [WARN] Validation documentation warning: Validation tool did not produce a documentation output folder.
[2026-07-25 14:46:00] [WARN] Uninstallation testing skipped by technician.
[2026-07-25 14:48:54] [INFO] Packaging session started.
[2026-07-25 14:48:54] [INFO] Creating folder structure...
[2026-07-25 14:48:54] [WARN] Package exists - updating Startup.pss with new settings...
[2026-07-25 14:48:54] [INFO] Process logging initialized at: C:\Temp\AI_playground\Packaging folder\Articulate Global, LLC\Articulate 360\1.121.37380.0\logs
[2026-07-25 14:48:54] [INFO] Startup.pss updated! (EXE + switches)
[2026-07-25 14:48:54] [INFO] Updating custom commands in Startup.pss...
[2026-07-25 14:48:54] [INFO] Custom commands updated: 2 section(s)
[2026-07-25 14:48:54] [INFO] Package created! Verifying files...
[2026-07-25 14:48:55] [INFO] Package created successfully!
C:\Temp\AI_playground\Packaging folder\Articulate Global, LLC\Articulate 360\1.121.37380.0
[2026-07-25 14:48:55] [INFO] FRB Installer.psproj verified!
[2026-07-25 14:48:55] [INFO] Locating FRB Installer.psproj file...
[2026-07-25 14:48:56] [INFO] Found: FRB Installer.psproj
Starting PSBuild.exe...
[2026-07-25 14:48:56] [INFO] System Context (elevated) - Modifying Startup.pss and .psbuild...
[2026-07-25 14:48:56] [INFO] System Context modifications complete. Building...
[2026-07-25 14:48:56] [INFO] Building Install.exe...
This may take a minute...
[2026-07-25 14:49:16] [INFO] BUILD SUCCESS! Starting installation testing workflow...
[2026-07-25 14:49:16] [INFO] Locating Install.exe in build output...
[2026-07-25 14:49:16] [INFO] Found Install.exe at: C:\Temp\AI_playground\Packaging folder\Articulate Global, LLC\Articulate 360\1.121.37380.0\Install.exe
[2026-07-25 14:49:16] [INFO] Launching Install.exe for installation testing...
[2026-07-25 14:49:38] [INFO] Installation confirmed successful by technician!
[2026-07-25 14:50:48] [INFO] Validation documentation report copied to package Docs.
[2026-07-25 14:51:00] [INFO] Launching Install.exe /uninstall for uninstallation testing...
[2026-07-25 14:52:02] [INFO] Make any changes needed to make your package function in the fashion you would like
[2026-07-25 15:08:36] [INFO] Packaging session started.
[2026-07-25 15:08:36] [INFO] Creating folder structure...
[2026-07-25 15:08:36] [WARN] Package exists - updating Startup.pss with new settings...
[2026-07-25 15:08:36] [INFO] Process logging initialized at: C:\Temp\AI_playground\Packaging folder\Articulate Global, LLC\Articulate 360\1.121.37380.0\logs
[2026-07-25 15:08:37] [INFO] Startup.pss updated! (EXE + switches)
[2026-07-25 15:08:37] [INFO] Updating custom commands in Startup.pss...
[2026-07-25 15:08:37] [INFO] Custom commands updated: 2 section(s)
[2026-07-25 15:08:37] [INFO] Package created! Verifying files...
[2026-07-25 15:08:38] [INFO] Package created successfully!
C:\Temp\AI_playground\Packaging folder\Articulate Global, LLC\Articulate 360\1.121.37380.0
[2026-07-25 15:08:38] [INFO] FRB Installer.psproj verified!
[2026-07-25 15:08:38] [INFO] Locating FRB Installer.psproj file...
[2026-07-25 15:08:38] [INFO] Found: FRB Installer.psproj
Starting PSBuild.exe...
[2026-07-25 15:08:38] [INFO] System Context (elevated) - Modifying Startup.pss and .psbuild...
[2026-07-25 15:08:38] [INFO] System Context modifications complete. Building...
[2026-07-25 15:08:38] [INFO] Building Install.exe...
This may take a minute...
[2026-07-25 15:09:05] [INFO] BUILD SUCCESS! Starting installation testing workflow...
[2026-07-25 15:09:05] [INFO] Locating Install.exe in build output...
[2026-07-25 15:09:05] [INFO] Found Install.exe at: C:\Temp\AI_playground\Packaging folder\Articulate Global, LLC\Articulate 360\1.121.37380.0\Install.exe
[2026-07-25 15:09:05] [INFO] Launching Install.exe for installation testing...
[2026-07-25 15:09:27] [INFO] Installation confirmed successful by technician!
[2026-07-25 15:10:17] [INFO] Validation documentation report copied to package Docs.
[2026-07-25 15:10:25] [INFO] Launching Install.exe /uninstall for uninstallation testing...
[2026-07-25 15:11:22] [INFO] Uninstallation confirmed successful by technician!
[2026-07-25 15:11:22] [INFO] Checking network deployment settings...
[2026-07-25 15:11:22] [INFO] Deploying package to network share...
[2026-07-25 15:11:25] [INFO] Network Deployment: Adding new version: 1.121.37380.0
[2026-07-25 15:11:25] [INFO] Network Deployment: Calculating package size...
[2026-07-25 15:11:28] [INFO] Network Deployment: Copying files: 5/45 (5.8%) - 4.32 MB / 74.82 MB
[2026-07-25 15:11:38] [INFO] Network Deployment: Copying files: 10/45 (12.2%) - 9.12 MB / 74.82 MB
[2026-07-25 15:11:42] [INFO] Network Deployment: Copying files: 15/45 (12.7%) - 9.49 MB / 74.82 MB
[2026-07-25 15:11:44] [INFO] Network Deployment: Copying files: 20/45 (12.8%) - 9.6 MB / 74.82 MB
[2026-07-25 15:12:12] [INFO] Network Deployment: Copying files: 21/45 (92.7%) - 69.37 MB / 74.82 MB
[2026-07-25 15:12:15] [INFO] Network Deployment: Copying files: 25/45 (92.7%) - 69.37 MB / 74.82 MB
[2026-07-25 15:12:21] [INFO] Network Deployment: Copying files: 30/45 (97.6%) - 73.04 MB / 74.82 MB
[2026-07-25 15:12:26] [INFO] Network Deployment: Copying files: 35/45 (98.4%) - 73.66 MB / 74.82 MB
[2026-07-25 15:12:29] [INFO] Network Deployment: Copying files: 40/45 (99.2%) - 74.2 MB / 74.82 MB
[2026-07-25 15:12:32] [INFO] Network Deployment: Copying files: 45/45 (100%) - 74.82 MB / 74.82 MB
[2026-07-25 15:12:32] [INFO] Network Deployment: Verifying copy integrity...
[2026-07-25 15:12:55] [ERROR] Network deployment failed: Copy integrity verification failed: Total size mismatch: Source=78455261 bytes, Target=78454882 bytes
[2026-07-25 15:13:12] [INFO] All testing complete! Package ready for Intune deployment.
