[2026-07-27 12:10:17] [INFO] Packaging session started.
[2026-07-27 12:10:17] [INFO] Creating folder structure...
[2026-07-27 12:10:17] [INFO] Creating new package...
[2026-07-27 12:10:17] [INFO] Using FolderEngine to create structure...
[2026-07-27 12:10:17] [INFO] Process logging initialized at: C:\Temp\AI_playground\Packaging folder\Lucen Software\Timeline\14.19\logs
[2026-07-27 12:10:17] [INFO] Folder created: C:\Temp\AI_playground\Packaging folder\Lucen Software\Timeline\14.19
[2026-07-27 12:10:17] [INFO] Copying template files...
[2026-07-27 12:10:17] [INFO] Template files copied: 36 files
[2026-07-27 12:10:18] [INFO] Copying installation media...
[2026-07-27 12:10:18] [INFO] Installation media copied to Data folder
[2026-07-27 12:10:18] [INFO] Files copied successfully. Updating Startup.pss file...
[2026-07-27 12:10:18] [INFO] Startup.pss updated! (MSI)
[2026-07-27 12:10:18] [INFO] Updating custom commands in Startup.pss...
[2026-07-27 12:10:18] [INFO] Custom commands updated: 2 section(s)
[2026-07-27 12:10:18] [INFO] Package created! Verifying files...
[2026-07-27 12:10:19] [INFO] Package created successfully!
C:\Temp\AI_playground\Packaging folder\Lucen Software\Timeline\14.19
[2026-07-27 12:10:19] [INFO] FRB Installer.psproj verified!
[2026-07-27 12:10:19] [INFO] Locating FRB Installer.psproj file...
[2026-07-27 12:10:19] [INFO] Found: FRB Installer.psproj
Starting PSBuild.exe...
[2026-07-27 12:10:19] [INFO] System Context (elevated) - Modifying Startup.pss and .psbuild...
[2026-07-27 12:10:19] [INFO] System Context modifications complete. Building...
[2026-07-27 12:10:19] [INFO] Building Install.exe...
This may take a minute...
[2026-07-27 12:10:50] [INFO] BUILD SUCCESS! Starting installation testing workflow...
[2026-07-27 12:10:50] [INFO] Locating Install.exe in build output...
[2026-07-27 12:10:50] [INFO] Found Install.exe at: C:\Temp\AI_playground\Packaging folder\Lucen Software\Timeline\14.19\Install.exe
[2026-07-27 12:10:50] [INFO] Launching Install.exe for installation testing...
[2026-07-27 12:11:02] [INFO] Make any changes needed to make your package function in the fashion you would like
[2026-07-27 12:26:35] [INFO] Loading custom commands from existing package...
[2026-07-27 12:26:35] [INFO] Existing package load from C:\Temp\AI_playground\Packaging folder\Lucen Software\Timeline\14.19.\Startup.pss
[2026-07-27 12:26:35] [INFO] Loaded command lengths | PreInstall=0 CustomInstall=140 PostInstall=0 PreUninstall=0 CustomUninstall=611 PostUninstall=0
[2026-07-27 12:26:35] [INFO] Textbox lengths after bind | PreInstall=0 CustomInstall=140 PostInstall=0 PreUninstall=0 CustomUninstall=603 PostUninstall=0
[2026-07-27 12:26:35] [INFO] Textbox lengths after sync | PreInstall=0 CustomInstall=140 PostInstall=0 PreUninstall=0 CustomUninstall=603 PostUninstall=0
[2026-07-27 12:26:35] [INFO] Custom commands and metadata loaded from existing package!
[2026-07-27 13:05:38] [INFO] Packaging session started.
[2026-07-27 13:05:38] [INFO] Creating folder structure...
[2026-07-27 13:05:38] [WARN] Package exists - updating Startup.pss with new settings...
[2026-07-27 13:05:38] [INFO] Process logging initialized at: C:\Temp\AI_playground\Packaging folder\Lucen Software\Timeline\14.19.0\logs
[2026-07-27 13:05:38] [INFO] Startup.pss updated! (MSI)
[2026-07-27 13:05:38] [INFO] Updating custom commands in Startup.pss...
[2026-07-27 13:05:38] [INFO] Custom commands updated: 2 section(s)
[2026-07-27 13:05:38] [INFO] Package created! Verifying files...
[2026-07-27 13:05:39] [INFO] Package created successfully!
C:\Temp\AI_playground\Packaging folder\Lucen Software\Timeline\14.19.0
[2026-07-27 13:05:39] [INFO] FRB Installer.psproj verified!
[2026-07-27 13:05:39] [INFO] Locating FRB Installer.psproj file...
[2026-07-27 13:05:39] [INFO] Found: FRB Installer.psproj
Starting PSBuild.exe...
[2026-07-27 13:05:39] [INFO] User Context enabled - Modifying Startup.pss and .psbuild...
[2026-07-27 13:05:39] [INFO] User Context modifications complete. Building...
[2026-07-27 13:05:39] [INFO] Building Install.exe...
This may take a minute...
[2026-07-27 13:06:29] [INFO] BUILD SUCCESS! Starting installation testing workflow...
[2026-07-27 13:06:29] [INFO] Locating Install.exe in build output...
[2026-07-27 13:06:29] [INFO] Found Install.exe at: C:\Temp\AI_playground\Packaging folder\Lucen Software\Timeline\14.19.0\Install.exe
[2026-07-27 13:06:29] [INFO] Launching Install.exe for installation testing...
[2026-07-27 13:07:16] [INFO] Installation confirmed successful by technician!
[2026-07-27 13:08:12] [INFO] Validation documentation report copied to package Docs.
[2026-07-27 13:08:17] [INFO] Launching Install.exe /uninstall for uninstallation testing...
[2026-07-27 13:09:02] [INFO] Make any changes needed to make your package function in the fashion you would like
[2026-07-27 13:09:08] [INFO] Packaging session started.
[2026-07-27 13:09:08] [INFO] Creating folder structure...
[2026-07-27 13:09:08] [WARN] Package exists - updating Startup.pss with new settings...
[2026-07-27 13:09:08] [INFO] Process logging initialized at: C:\Temp\AI_playground\Packaging folder\Lucen Software\Timeline\14.19.0\logs
[2026-07-27 13:09:08] [INFO] Startup.pss updated! (MSI)
[2026-07-27 13:09:08] [INFO] Updating custom commands in Startup.pss...
[2026-07-27 13:09:08] [INFO] Custom commands updated: 2 section(s)
[2026-07-27 13:09:08] [INFO] Package created! Verifying files...
[2026-07-27 13:09:09] [INFO] Package created successfully!
C:\Temp\AI_playground\Packaging folder\Lucen Software\Timeline\14.19.0
[2026-07-27 13:09:09] [INFO] FRB Installer.psproj verified!
[2026-07-27 13:09:09] [INFO] Locating FRB Installer.psproj file...
[2026-07-27 13:09:09] [INFO] Found: FRB Installer.psproj
Starting PSBuild.exe...
[2026-07-27 13:09:09] [INFO] User Context enabled - Modifying Startup.pss and .psbuild...
[2026-07-27 13:09:09] [INFO] User Context modifications complete. Building...
[2026-07-27 13:09:09] [INFO] Building Install.exe...
This may take a minute...
[2026-07-27 13:10:08] [INFO] BUILD SUCCESS! Starting installation testing workflow...
[2026-07-27 13:10:08] [INFO] Locating Install.exe in build output...
[2026-07-27 13:10:08] [INFO] Found Install.exe at: C:\Temp\AI_playground\Packaging folder\Lucen Software\Timeline\14.19.0\Install.exe
[2026-07-27 13:10:08] [INFO] Launching Install.exe for installation testing...
[2026-07-27 13:10:49] [INFO] Installation confirmed successful by technician!
[2026-07-27 13:11:40] [INFO] Validation documentation report copied to package Docs.
[2026-07-27 13:12:07] [INFO] Launching Install.exe /uninstall for uninstallation testing...
[2026-07-27 13:13:42] [INFO] Uninstallation confirmed successful by technician!
[2026-07-27 13:13:42] [INFO] Checking network deployment settings...
[2026-07-27 13:13:42] [INFO] Deploying package to network share...
[2026-07-27 13:13:43] [INFO] Network Deployment: Adding new version: 14.19.0
[2026-07-27 13:13:43] [INFO] Network Deployment: Calculating package size...
[2026-07-27 13:13:45] [INFO] Network Deployment: Copying files: 5/44 (2.7%) - 4.32 MB / 159.84 MB
[2026-07-27 13:13:47] [INFO] Network Deployment: Copying files: 10/44 (5.7%) - 9.11 MB / 159.84 MB
[2026-07-27 13:13:49] [INFO] Network Deployment: Copying files: 15/44 (5.9%) - 9.49 MB / 159.84 MB
[2026-07-27 13:13:50] [INFO] Network Deployment: Copying files: 20/44 (6%) - 9.6 MB / 159.84 MB
[2026-07-27 13:13:53] [INFO] Network Deployment: Copying files: 21/44 (96.6%) - 154.39 MB / 159.84 MB
[2026-07-27 13:13:55] [INFO] Network Deployment: Copying files: 25/44 (96.6%) - 154.4 MB / 159.84 MB
[2026-07-27 13:13:57] [INFO] Network Deployment: Copying files: 30/44 (98.9%) - 158.12 MB / 159.84 MB
[2026-07-27 13:13:59] [INFO] Network Deployment: Copying files: 35/44 (99.4%) - 158.82 MB / 159.84 MB
[2026-07-27 13:14:00] [INFO] Network Deployment: Copying files: 40/44 (99.7%) - 159.33 MB / 159.84 MB
[2026-07-27 13:14:02] [INFO] Network Deployment: Verifying copy integrity...
[2026-07-27 13:14:24] [ERROR] Network deployment failed: Copy integrity verification failed: Total size mismatch: Source=167600602 bytes, Target=167600318 bytes
[2026-07-27 13:14:36] [INFO] All testing complete! Package ready for Intune deployment.
[2026-07-27 13:16:11] [INFO] Loading custom commands from existing package...
[2026-07-27 13:16:11] [INFO] Existing package load from C:\Temp\AI_playground\Packaging folder\Lucen Software\Timeline\14.19.0\Startup.pss
[2026-07-27 13:16:11] [INFO] Loaded command lengths | PreInstall=0 CustomInstall=689 PostInstall=0 PreUninstall=0 CustomUninstall=716 PostUninstall=0
[2026-07-27 13:16:11] [INFO] Textbox lengths after bind | PreInstall=0 CustomInstall=677 PostInstall=0 PreUninstall=0 CustomUninstall=704 PostUninstall=0
[2026-07-27 13:16:11] [INFO] Textbox lengths after sync | PreInstall=0 CustomInstall=677 PostInstall=0 PreUninstall=0 CustomUninstall=704 PostUninstall=0
[2026-07-27 13:16:11] [INFO] Custom commands and metadata loaded from existing package!
[2026-07-27 13:16:42] [INFO] Packaging session started.
[2026-07-27 13:16:42] [INFO] Creating folder structure...
[2026-07-27 13:16:42] [WARN] Package exists - updating Startup.pss with new settings...
[2026-07-27 13:16:42] [INFO] Process logging initialized at: C:\Temp\AI_playground\Packaging folder\Lucen Software\Timeline\14.19.0\logs
[2026-07-27 13:16:42] [INFO] Startup.pss updated! (MSI)
[2026-07-27 13:16:42] [INFO] Updating custom commands in Startup.pss...
[2026-07-27 13:16:42] [INFO] Custom commands updated: 3 section(s)
[2026-07-27 13:16:42] [INFO] Package created! Verifying files...
[2026-07-27 13:16:43] [INFO] Package created successfully!
C:\Temp\AI_playground\Packaging folder\Lucen Software\Timeline\14.19.0
[2026-07-27 13:16:43] [INFO] FRB Installer.psproj verified!
[2026-07-27 13:16:43] [INFO] Locating FRB Installer.psproj file...
[2026-07-27 13:16:43] [INFO] Found: FRB Installer.psproj
Starting PSBuild.exe...
[2026-07-27 13:16:43] [INFO] User Context enabled - Modifying Startup.pss and .psbuild...
[2026-07-27 13:16:43] [INFO] User Context modifications complete. Building...
[2026-07-27 13:16:43] [INFO] Building Install.exe...
This may take a minute...
[2026-07-27 13:17:02] [INFO] BUILD SUCCESS! Starting installation testing workflow...
[2026-07-27 13:17:02] [INFO] Locating Install.exe in build output...
[2026-07-27 13:17:02] [INFO] Found Install.exe at: C:\Temp\AI_playground\Packaging folder\Lucen Software\Timeline\14.19.0\Install.exe
[2026-07-27 13:17:02] [INFO] Launching Install.exe for installation testing...
[2026-07-27 13:17:46] [INFO] Installation confirmed successful by technician!
[2026-07-27 13:18:35] [INFO] Validation documentation report copied to package Docs.
[2026-07-27 13:18:41] [INFO] Launching Install.exe /uninstall for uninstallation testing...
[2026-07-27 13:19:24] [INFO] Uninstallation confirmed successful by technician!
[2026-07-27 13:19:24] [INFO] Checking network deployment settings...
[2026-07-27 13:19:24] [INFO] Deploying package to network share...
[2026-07-27 13:19:25] [INFO] Network Deployment: Adding new version: 14.19.0
[2026-07-27 13:19:25] [INFO] Network Deployment: Calculating package size...
[2026-07-27 13:19:27] [INFO] Network Deployment: Copying files: 5/44 (2.7%) - 4.32 MB / 159.85 MB
[2026-07-27 13:19:29] [INFO] Network Deployment: Copying files: 10/44 (5.7%) - 9.12 MB / 159.85 MB
[2026-07-27 13:19:31] [INFO] Network Deployment: Copying files: 15/44 (5.9%) - 9.49 MB / 159.85 MB
[2026-07-27 13:19:33] [INFO] Network Deployment: Copying files: 20/44 (6%) - 9.6 MB / 159.85 MB
[2026-07-27 13:19:36] [INFO] Network Deployment: Copying files: 21/44 (96.6%) - 154.39 MB / 159.85 MB
[2026-07-27 13:19:38] [INFO] Network Deployment: Copying files: 25/44 (96.6%) - 154.4 MB / 159.85 MB
[2026-07-27 13:19:41] [INFO] Network Deployment: Copying files: 30/44 (98.9%) - 158.13 MB / 159.85 MB
[2026-07-27 13:19:43] [INFO] Network Deployment: Copying files: 35/44 (99.4%) - 158.83 MB / 159.85 MB
[2026-07-27 13:19:45] [INFO] Network Deployment: Copying files: 40/44 (99.7%) - 159.34 MB / 159.85 MB
[2026-07-27 13:19:47] [INFO] Network Deployment: Verifying copy integrity...
[2026-07-27 13:20:12] [ERROR] Network deployment failed: Copy integrity verification failed: Total size mismatch: Source=167619234 bytes, Target=167618950 bytes
[2026-07-27 13:20:15] [INFO] All testing complete! Package ready for Intune deployment.
[2026-07-27 13:20:43] [INFO] Loading custom commands from existing package...
[2026-07-27 13:20:43] [INFO] Existing package load from C:\Temp\AI_playground\Packaging folder\Lucen Software\Timeline\14.19.0\Startup.pss
[2026-07-27 13:20:43] [INFO] Loaded command lengths | PreInstall=0 CustomInstall=689 PostInstall=0 PreUninstall=0 CustomUninstall=716 PostUninstall=146
[2026-07-27 13:20:43] [INFO] Textbox lengths after bind | PreInstall=0 CustomInstall=677 PostInstall=0 PreUninstall=0 CustomUninstall=704 PostUninstall=144
[2026-07-27 13:20:43] [INFO] Textbox lengths after sync | PreInstall=0 CustomInstall=677 PostInstall=0 PreUninstall=0 CustomUninstall=704 PostUninstall=144
[2026-07-27 13:20:43] [INFO] Custom commands and metadata loaded from existing package!
[2026-07-27 13:21:29] [INFO] Packaging session started.
[2026-07-27 13:21:29] [INFO] Creating folder structure...
[2026-07-27 13:21:29] [WARN] Package exists - updating Startup.pss with new settings...
[2026-07-27 13:21:29] [INFO] Process logging initialized at: C:\Temp\AI_playground\Packaging folder\Lucen Software\Timeline\14.19.0\logs
[2026-07-27 13:21:29] [INFO] Startup.pss updated! (MSI)
[2026-07-27 13:21:29] [INFO] Updating custom commands in Startup.pss...
[2026-07-27 13:21:29] [INFO] Custom commands updated: 2 section(s)
[2026-07-27 13:21:29] [INFO] Package created! Verifying files...
[2026-07-27 13:21:30] [INFO] Package created successfully!
C:\Temp\AI_playground\Packaging folder\Lucen Software\Timeline\14.19.0
[2026-07-27 13:21:30] [INFO] FRB Installer.psproj verified!
[2026-07-27 13:21:30] [INFO] Locating FRB Installer.psproj file...
[2026-07-27 13:21:30] [INFO] Found: FRB Installer.psproj
Starting PSBuild.exe...
[2026-07-27 13:21:30] [INFO] User Context enabled - Modifying Startup.pss and .psbuild...
[2026-07-27 13:21:30] [INFO] User Context modifications complete. Building...
[2026-07-27 13:21:30] [INFO] Building Install.exe...
This may take a minute...
[2026-07-27 13:21:49] [INFO] BUILD SUCCESS! Starting installation testing workflow...
[2026-07-27 13:21:49] [INFO] Locating Install.exe in build output...
[2026-07-27 13:21:49] [INFO] Found Install.exe at: C:\Temp\AI_playground\Packaging folder\Lucen Software\Timeline\14.19.0\Install.exe
[2026-07-27 13:21:49] [INFO] Launching Install.exe for installation testing...
[2026-07-27 13:22:34] [INFO] Installation confirmed successful by technician!
[2026-07-27 13:23:18] [INFO] Validation documentation report copied to package Docs.
[2026-07-27 13:23:27] [INFO] Launching Install.exe /uninstall for uninstallation testing...
[2026-07-27 13:25:57] [INFO] Uninstallation confirmed successful by technician!
[2026-07-27 13:25:57] [INFO] Checking network deployment settings...
[2026-07-27 13:25:57] [INFO] Deploying package to network share...
[2026-07-27 13:25:58] [INFO] Network Deployment: Adding new version: 14.19.0
[2026-07-27 13:25:58] [INFO] Network Deployment: Calculating package size...
[2026-07-27 13:26:00] [INFO] Network Deployment: Copying files: 5/44 (2.7%) - 4.32 MB / 159.85 MB
[2026-07-27 13:26:02] [INFO] Network Deployment: Copying files: 10/44 (5.7%) - 9.12 MB / 159.85 MB
[2026-07-27 13:26:04] [INFO] Network Deployment: Copying files: 15/44 (5.9%) - 9.49 MB / 159.85 MB
[2026-07-27 13:26:06] [INFO] Network Deployment: Copying files: 20/44 (6%) - 9.6 MB / 159.85 MB
[2026-07-27 13:26:09] [INFO] Network Deployment: Copying files: 21/44 (96.6%) - 154.39 MB / 159.85 MB
[2026-07-27 13:26:11] [INFO] Network Deployment: Copying files: 25/44 (96.6%) - 154.4 MB / 159.85 MB
[2026-07-27 13:26:15] [INFO] Network Deployment: Copying files: 30/44 (98.9%) - 158.13 MB / 159.85 MB
[2026-07-27 13:26:18] [INFO] Network Deployment: Copying files: 35/44 (99.4%) - 158.84 MB / 159.85 MB
[2026-07-27 13:26:20] [INFO] Network Deployment: Copying files: 40/44 (99.7%) - 159.35 MB / 159.85 MB
[2026-07-27 13:26:22] [INFO] Network Deployment: Verifying copy integrity...
[2026-07-27 13:26:50] [ERROR] Network deployment failed: Copy integrity verification failed: Total size mismatch: Source=167620600 bytes, Target=167620316 bytes
[2026-07-27 13:26:53] [INFO] All testing complete! Package ready for Intune deployment.
