[2026-07-28 13:14:00] [INFO] Packaging session started.
[2026-07-28 13:14:00] [INFO] Creating folder structure...
[2026-07-28 13:14:00] [INFO] Creating new package...
[2026-07-28 13:14:00] [INFO] Using FolderEngine to create structure...
[2026-07-28 13:14:00] [INFO] Process logging initialized at: C:\Temp\AI_playground\Packaging folder\Inkscape Project\Inkscape\1.4.2\logs
[2026-07-28 13:14:00] [INFO] Folder created: C:\Temp\AI_playground\Packaging folder\Inkscape Project\Inkscape\1.4.2
[2026-07-28 13:14:00] [INFO] Copying template files...
[2026-07-28 13:14:00] [INFO] Template files copied: 36 files
[2026-07-28 13:14:00] [INFO] Removed template docs artifact: C:\Temp\AI_playground\Packaging folder\Inkscape Project\Inkscape\1.4.2\Docs\(APP-NAME_APP-VERSION) Validation.docx
[2026-07-28 13:14:00] [INFO] Removed template docs artifact: C:\Temp\AI_playground\Packaging folder\Inkscape Project\Inkscape\1.4.2\Docs\User Acceptance Testing Guide.docx
[2026-07-28 13:14:00] [INFO] Copying installation media...
[2026-07-28 13:14:00] [INFO] Installation media copied to Data folder
[2026-07-28 13:14:00] [INFO] Files copied successfully. Updating Startup.pss file...
[2026-07-28 13:14:01] [INFO] Startup.pss updated! (EXE + switches)
[2026-07-28 13:14:01] [INFO] Updating custom commands in Startup.pss...
[2026-07-28 13:14:01] [INFO] Custom commands cleared (no sections provided)
[2026-07-28 13:14:01] [INFO] Package created! Verifying files...
[2026-07-28 13:14:02] [INFO] Package created successfully!
C:\Temp\AI_playground\Packaging folder\Inkscape Project\Inkscape\1.4.2
[2026-07-28 13:14:02] [INFO] FRB Installer.psproj verified!
[2026-07-28 13:14:02] [INFO] Locating FRB Installer.psproj file...
[2026-07-28 13:14:02] [INFO] Found: FRB Installer.psproj
Starting PSBuild.exe...
[2026-07-28 13:14:02] [INFO] System Context (elevated) - Modifying Startup.pss and .psbuild...
[2026-07-28 13:14:02] [INFO] System Context modifications complete. Building...
[2026-07-28 13:14:02] [INFO] Building Install.exe...
This may take a minute...
[2026-07-28 13:15:02] [INFO] Starting build with SAPIENCommandLine.exe
[2026-07-28 13:15:02] [INFO] Project: C:\Temp\AI_playground\Packaging folder\Inkscape Project\Inkscape\1.4.2\FRB Installer.psproj
[2026-07-28 13:15:02] [INFO] Output: C:\Temp\AI_playground\Packaging folder\Inkscape Project\Inkscape\1.4.2\Install.exe
[2026-07-28 13:15:02] [INFO] Executing build with hidden SAPIEN window...
[2026-07-28 13:15:02] [INFO] Build completed with exit code: -1
[2026-07-28 13:15:02] [INFO] Waiting for PostCompile to move Install.exe to ROOT...
[2026-07-28 13:15:02] [INFO] Install.exe found after 0 seconds
[2026-07-28 13:15:02] [INFO] BUILD SUCCESS! Starting installation testing workflow...
[2026-07-28 13:15:02] [INFO] Locating Install.exe in build output...
[2026-07-28 13:15:02] [INFO] Found Install.exe at: C:\Temp\AI_playground\Packaging folder\Inkscape Project\Inkscape\1.4.2\Install.exe
[2026-07-28 13:15:03] [INFO] Launching Install.exe for installation testing...
[2026-07-28 13:16:34] [INFO] Installation confirmed successful by technician!
[2026-07-28 13:17:24] [WARN] Validation documentation warning: Validation tool did not produce a documentation output folder.
[2026-07-28 13:17:34] [INFO] Launching Install.exe /uninstall for uninstallation testing...
[2026-07-28 13:18:39] [INFO] Uninstallation confirmed successful by technician!
[2026-07-28 13:18:39] [INFO] Checking network deployment settings...
[2026-07-28 13:18:39] [INFO] Deploying package to network share...
[2026-07-28 13:18:42] [INFO] Network Deployment: Adding new version: 1.4.2
[2026-07-28 13:18:42] [INFO] Network Deployment: Calculating package size...
[2026-07-28 13:18:48] [INFO] Network Deployment: Copying files: 5/42 (3.9%) - 4.31 MB / 110.42 MB
[2026-07-28 13:18:54] [INFO] Network Deployment: Copying files: 10/42 (8.1%) - 8.92 MB / 110.42 MB
[2026-07-28 13:18:55] [INFO] Network Deployment: Copying files: 15/42 (8.6%) - 9.49 MB / 110.42 MB
[2026-07-28 13:18:57] [INFO] Network Deployment: Copying files: 20/42 (8.7%) - 9.6 MB / 110.42 MB
[2026-07-28 13:19:00] [INFO] Network Deployment: Copying files: 22/42 (98.4%) - 108.68 MB / 110.42 MB
[2026-07-28 13:19:02] [INFO] Network Deployment: Copying files: 25/42 (98.4%) - 108.69 MB / 110.42 MB
[2026-07-28 13:19:05] [INFO] Network Deployment: Copying files: 30/42 (98.4%) - 108.71 MB / 110.42 MB
[2026-07-28 13:19:06] [INFO] Network Deployment: Copying files: 35/42 (99.3%) - 109.67 MB / 110.42 MB
[2026-07-28 13:19:08] [INFO] Network Deployment: Copying files: 40/42 (99.9%) - 110.3 MB / 110.42 MB
[2026-07-28 13:19:09] [INFO] Network Deployment: Verifying copy integrity...
[2026-07-28 13:19:24] [ERROR] Network deployment failed: Copy integrity verification failed: Total size mismatch: Source=115783537 bytes, Target=115783151 bytes
[2026-07-28 13:19:29] [INFO] All testing complete! Package ready for Intune deployment.
[2026-07-28 13:29:27] [INFO] Loading custom commands from existing package...
[2026-07-28 13:29:27] [INFO] Existing package load from C:\Temp\AI_playground\Packaging folder\Inkscape Project\Inkscape\1.4.2\Startup.pss
[2026-07-28 13:29:27] [INFO] Loaded command lengths | PreInstall=0 CustomInstall=0 PostInstall=0 PreUninstall=0 CustomUninstall=0 PostUninstall=0
[2026-07-28 13:29:27] [INFO] Textbox lengths after bind | PreInstall=0 CustomInstall=0 PostInstall=0 PreUninstall=0 CustomUninstall=0 PostUninstall=0
[2026-07-28 13:29:27] [INFO] Textbox lengths after sync | PreInstall=0 CustomInstall=0 PostInstall=0 PreUninstall=0 CustomUninstall=0 PostUninstall=0
[2026-07-28 13:29:27] [INFO] Custom commands and metadata loaded from existing package!
[2026-07-28 13:30:43] [INFO] Packaging session started.
[2026-07-28 13:30:43] [INFO] Creating folder structure...
[2026-07-28 13:30:43] [WARN] Package exists - updating Startup.pss with new settings...
[2026-07-28 13:30:43] [INFO] Process logging initialized at: C:\Temp\AI_playground\Packaging folder\Inkscape Project\Inkscape\1.4.2\logs
[2026-07-28 13:30:43] [INFO] Startup.pss updated! (EXE + switches)
[2026-07-28 13:30:43] [INFO] Updating custom commands in Startup.pss...
[2026-07-28 13:30:43] [INFO] Custom commands updated: 1 section(s)
[2026-07-28 13:30:43] [INFO] Package created! Verifying files...
[2026-07-28 13:30:44] [INFO] Package created successfully!
C:\Temp\AI_playground\Packaging folder\Inkscape Project\Inkscape\1.4.2
[2026-07-28 13:30:44] [INFO] FRB Installer.psproj verified!
[2026-07-28 13:30:44] [INFO] Locating FRB Installer.psproj file...
[2026-07-28 13:30:44] [INFO] Found: FRB Installer.psproj
Starting PSBuild.exe...
[2026-07-28 13:30:44] [INFO] System Context (elevated) - Modifying Startup.pss and .psbuild...
[2026-07-28 13:30:44] [INFO] System Context modifications complete. Building...
[2026-07-28 13:30:44] [INFO] Building Install.exe...
This may take a minute...
[2026-07-28 13:31:06] [INFO] Starting build with SAPIENCommandLine.exe
[2026-07-28 13:31:06] [INFO] Project: C:\Temp\AI_playground\Packaging folder\Inkscape Project\Inkscape\1.4.2\FRB Installer.psproj
[2026-07-28 13:31:06] [INFO] Output: C:\Temp\AI_playground\Packaging folder\Inkscape Project\Inkscape\1.4.2\Install.exe
[2026-07-28 13:31:06] [INFO] Executing build with hidden SAPIEN window...
[2026-07-28 13:31:06] [INFO] Build completed with exit code: -1
[2026-07-28 13:31:06] [INFO] Waiting for PostCompile to move Install.exe to ROOT...
[2026-07-28 13:31:06] [INFO] Install.exe found after 0 seconds
[2026-07-28 13:31:06] [INFO] BUILD SUCCESS! Starting installation testing workflow...
[2026-07-28 13:31:06] [INFO] Locating Install.exe in build output...
[2026-07-28 13:31:06] [INFO] Found Install.exe at: C:\Temp\AI_playground\Packaging folder\Inkscape Project\Inkscape\1.4.2\Install.exe
[2026-07-28 13:31:06] [INFO] Launching Install.exe for installation testing...
[2026-07-28 13:32:55] [INFO] Installation confirmed successful by technician!
[2026-07-28 13:33:53] [INFO] Validation documentation report copied to package Docs.
[2026-07-28 13:34:24] [INFO] Launching Install.exe /uninstall for uninstallation testing...
[2026-07-28 13:35:14] [INFO] Uninstallation confirmed successful by technician!
[2026-07-28 13:35:14] [INFO] Checking network deployment settings...
[2026-07-28 13:35:14] [INFO] Deploying package to network share...
[2026-07-28 13:35:15] [INFO] Network Deployment: Reusing existing vendor folder: Inkscape Project
[2026-07-28 13:35:15] [INFO] Network Deployment: Reusing existing product folder: Inkscape
[2026-07-28 13:35:15] [INFO] Network Deployment: Adding new version: 1.4.2
[2026-07-28 13:35:15] [INFO] Network Deployment: Calculating package size...
[2026-07-28 13:35:17] [INFO] Network Deployment: Copying files: 5/43 (3.9%) - 4.31 MB / 110.69 MB
[2026-07-28 13:35:21] [INFO] Network Deployment: Copying files: 10/43 (8.1%) - 8.92 MB / 110.69 MB
[2026-07-28 13:35:37] [INFO] Network Deployment: Copying files: 15/43 (8.6%) - 9.49 MB / 110.69 MB
[2026-07-28 13:35:52] [INFO] Network Deployment: Copying files: 20/43 (8.7%) - 9.6 MB / 110.69 MB
[2026-07-28 13:35:55] [INFO] Network Deployment: Copying files: 22/43 (98.2%) - 108.68 MB / 110.69 MB
[2026-07-28 13:35:58] [INFO] Network Deployment: Copying files: 25/43 (98.2%) - 108.69 MB / 110.69 MB
[2026-07-28 13:36:02] [INFO] Network Deployment: Copying files: 30/43 (98.4%) - 108.96 MB / 110.69 MB
[2026-07-28 13:36:05] [INFO] Network Deployment: Copying files: 35/43 (99.2%) - 109.8 MB / 110.69 MB
[2026-07-28 13:36:09] [INFO] Network Deployment: Copying files: 40/43 (99.7%) - 110.34 MB / 110.69 MB
[2026-07-28 13:36:13] [INFO] Network Deployment: Verifying copy integrity...
[2026-07-28 13:36:51] [ERROR] Network deployment failed: Copy integrity verification failed: Total size mismatch: Source=116062662 bytes, Target=116062379 bytes
[2026-07-28 13:37:01] [INFO] All testing complete! Package ready for Intune deployment.
